// Jest Snapshot v1, https://goo.gl/fbAQLP

exports[`matches snapshot 1`] = `
<DocumentFragment>
  <div />
  <form>
    <label
      for="width"
    >
      Box Width: 
    </label>
    <input
      id="width"
      name="width"
      type="text"
      value=""
    />
    <label
      for="height"
    >
      Box Height: 
    </label>
    <input
      id="height"
      name="height"
      type="text"
      value=""
    />
    <label
      for="color"
    >
      Box Color: 
    </label>
    <input
      id="color"
      name="color"
      type="text"
      value=""
    />
    <button>
      Add a new box!
    </button>
  </form>
</DocumentFragment>
`;
